// Jest Snapshot v1, https://goo.gl/fbAQLP

exports[`handles an interleaved block 1`] = `
Object {
  "children": Array [
    Object {
      "children": Array [
        Object {
          "position": Object {
            "end": Object {
              "column": 10,
              "line": 2,
              "offset": 10,
            },
            "start": Object {
              "column": 3,
              "line": 2,
              "offset": 3,
            },
          },
          "type": "text",
          "value": "Hello, ",
        },
        Object {
          "children": Array [
            Object {
              "position": Object {
                "end": Object {
                  "column": 18,
                  "line": 2,
                  "offset": 18,
                },
                "start": Object {
                  "column": 12,
                  "line": 2,
                  "offset": 12,
                },
              },
              "type": "text",
              "value": "world!",
            },
          ],
          "position": Object {
            "end": Object {
              "column": 20,
              "line": 2,
              "offset": 20,
            },
            "start": Object {
              "column": 10,
              "line": 2,
              "offset": 10,
            },
          },
          "type": "strong",
        },
      ],
      "depth": 1,
      "position": Object {
        "end": Object {
          "column": 20,
          "line": 2,
          "offset": 20,
        },
        "start": Object {
          "column": 1,
          "line": 2,
          "offset": 1,
        },
      },
      "type": "heading",
    },
    Object {
      "position": Object {
        "end": Object {
          "column": 8,
          "line": 4,
          "offset": 29,
        },
        "start": Object {
          "column": 1,
          "line": 4,
          "offset": 22,
        },
      },
      "type": "html",
      "value": "<Block>",
    },
    Object {
      "children": Array [
        Object {
          "position": Object {
            "end": Object {
              "column": 9,
              "line": 6,
              "offset": 39,
            },
            "start": Object {
              "column": 4,
              "line": 6,
              "offset": 34,
            },
          },
          "type": "text",
          "value": "Other",
        },
      ],
      "depth": 2,
      "position": Object {
        "end": Object {
          "column": 9,
          "line": 6,
          "offset": 39,
        },
        "start": Object {
          "column": 1,
          "line": 6,
          "offset": 31,
        },
      },
      "type": "heading",
    },
    Object {
      "children": Array [
        Object {
          "position": Object {
            "end": Object {
              "column": 6,
              "line": 8,
              "offset": 46,
            },
            "start": Object {
              "column": 1,
              "line": 8,
              "offset": 41,
            },
          },
          "type": "text",
          "value": "Stuff",
        },
      ],
      "position": Object {
        "end": Object {
          "column": 6,
          "line": 8,
          "offset": 46,
        },
        "start": Object {
          "column": 1,
          "line": 8,
          "offset": 41,
        },
      },
      "type": "paragraph",
    },
    Object {
      "position": Object {
        "end": Object {
          "column": 9,
          "line": 10,
          "offset": 56,
        },
        "start": Object {
          "column": 1,
          "line": 10,
          "offset": 48,
        },
      },
      "type": "html",
      "value": "</Block>",
    },
    Object {
      "children": Array [
        Object {
          "position": Object {
            "end": Object {
              "column": 15,
              "line": 12,
              "offset": 72,
            },
            "start": Object {
              "column": 1,
              "line": 12,
              "offset": 58,
            },
          },
          "type": "text",
          "value": "And more stuff",
        },
      ],
      "position": Object {
        "end": Object {
          "column": 15,
          "line": 12,
          "offset": 72,
        },
        "start": Object {
          "column": 1,
          "line": 12,
          "offset": 58,
        },
      },
      "type": "paragraph",
    },
  ],
  "position": Object {
    "end": Object {
      "column": 1,
      "line": 13,
      "offset": 73,
    },
    "start": Object {
      "column": 1,
      "line": 1,
      "offset": 0,
    },
  },
  "type": "root",
}
`;

exports[`parses a basic block 1`] = `
Object {
  "children": Array [
    Object {
      "children": Array [
        Object {
          "position": Object {
            "end": Object {
              "column": 16,
              "line": 1,
              "offset": 15,
            },
            "start": Object {
              "column": 3,
              "line": 1,
              "offset": 2,
            },
          },
          "type": "text",
          "value": "Hello, world!",
        },
      ],
      "depth": 1,
      "position": Object {
        "end": Object {
          "column": 16,
          "line": 1,
          "offset": 15,
        },
        "start": Object {
          "column": 1,
          "line": 1,
          "offset": 0,
        },
      },
      "type": "heading",
    },
  ],
  "position": Object {
    "end": Object {
      "column": 16,
      "line": 1,
      "offset": 15,
    },
    "start": Object {
      "column": 1,
      "line": 1,
      "offset": 0,
    },
  },
  "type": "root",
}
`;
